// Vitest Snapshot v1, https://vitest.dev/guide/snapshot.html

exports[`AuthToggleButton > совпадает со snapshot на странице login 1`] = `"<div data-v-f2685325="" class="container" data-selected="login"><button data-v-f2685325="" aria-selected="true" type="button" class="button">Войти</button><button data-v-f2685325="" aria-selected="false" type="button" class="button">Регистрация</button></div>"`;
